// Jest Snapshot v1, https://goo.gl/fbAQLP

exports[`hello executes as expected 1`] = `
Object {
  "body": "{\\"names\\":[\\"Avondale Brewing Co\\",\\"Band of Brothers Brewing Company\\",\\"Trim Tab Brewing\\",\\"Yellowhammer Brewery\\",\\"Bearpaw River Brewing Co\\",\\"King Street Brewing Co\\",\\"1912 Brewing\\",\\"Bad Water Brewing\\",\\"BJs Restaurant & Brewery - Chandler\\",\\"BlackRock Brewers\\",\\"Dragoon Brewing Co\\",\\"Grand Canyon Brewing Company\\",\\"Mudshark Brewing Co\\",\\"Richter Aleworks\\",\\"SanTan Brewing Co\\",\\"State 48 Brewery\\",\\"Wren House Brewing Company\\",\\"Brick Oven Pizza Co / Brick & Forge Brewing\\",\\"Diamond Bear Brewing Co\\",\\"Lost Forty Brewing\\"]}",
  "statusCode": 200,
}
`;
