// Jest Snapshot v1, https://goo.gl/fbAQLP

exports[`hello executes as expected 1`] = `
[MockFunction] {
  "calls": Array [
    Array [
      null,
      Object {
        "body": "{\\"firstBrewery\\":{\\"id\\":2,\\"name\\":\\"Avondale Brewing Co\\",\\"brewery_type\\":\\"micro\\",\\"street\\":\\"201 41st St S\\",\\"city\\":\\"Birmingham\\",\\"state\\":\\"Alabama\\",\\"postal_code\\":\\"35222-1932\\",\\"country\\":\\"United States\\",\\"longitude\\":\\"-86.774322\\",\\"latitude\\":\\"33.524521\\",\\"phone\\":\\"2057775456\\",\\"website_url\\":\\"http://www.avondalebrewing.com\\",\\"updated_at\\":\\"2018-08-23T23:19:57.825Z\\",\\"tag_list\\":[]}}",
        "statusCode": 200,
      },
    ],
  ],
  "results": Array [
    Object {
      "isThrow": false,
      "value": undefined,
    },
  ],
}
`;
